apiVersion: v1
kind: Namespace
metadata:
  annotations:
    openshift.io/node-selector: node-role.kubernetes.io/infra=
  labels:
    name: syn-openshift-kiali
    openshift.io/cluster-monitoring: 'false'
    openshift.io/user-monitoring: 'false'
  name: syn-openshift-kiali
---
apiVersion: operators.coreos.com/v1
kind: OperatorGroup
metadata:
  annotations: {}
  labels:
    name: syn-openshift-kiali
  name: syn-openshift-kiali
  namespace: syn-openshift-kiali
---
apiVersion: operators.coreos.com/v1alpha1
kind: Subscription
metadata:
  annotations: {}
  labels:
    name: kiali-ossm
  name: kiali-ossm
  namespace: syn-openshift-kiali
spec:
  channel: stable
  installPlanApproval: Automatic
  name: kiali-ossm
  source: redhat-operators
  sourceNamespace: openshift-marketplace
