apiVersion: operators.coreos.com/v1alpha1
kind: Subscription
metadata:
  annotations: {}
  labels:
    name: elasticsearch-operator
  name: elasticsearch-operator
  namespace: openshift-operators-redhat
spec:
  channel: stable
  installPlanApproval: Automatic
  name: elasticsearch-operator
  source: redhat-operators
  sourceNamespace: openshift-marketplace
