apiVersion: v1
kind: Namespace
metadata:
  annotations:
    openshift.io/node-selector: ''
  labels:
    name: syn-openshift-service-mesh
    openshift.io/cluster-monitoring: 'true'
    openshift.io/user-monitoring: 'false'
  name: syn-openshift-service-mesh
