apiVersion: operators.coreos.com/v1
kind: OperatorGroup
metadata:
  annotations: {}
  labels:
    name: syn-openshift4-service-mesh
  name: syn-openshift4-service-mesh
---
apiVersion: operators.coreos.com/v1alpha1
kind: Subscription
metadata:
  annotations: {}
  labels:
    name: servicemeshoperator
  name: servicemeshoperator
  namespace: syn-openshift4-service-mesh
spec:
  channel: stable
  installPlanApproval: Automatic
  name: servicemeshoperator
  source: redhat-operators
  sourceNamespace: openshift-operators-redhat
