apiVersion: operators.coreos.com/v1alpha1
kind: Subscription
metadata:
  annotations: {}
  labels:
    name: elasticsearch-operator
  name: elasticsearch-operator
  namespace: openshift-operators-redhat
spec:
  channel: stable
  config:
    affinity:
      nodeAffinity:
        requiredDuringSchedulingIgnoredDuringExecution:
          nodeSelectorTerms:
            - matchExpressions:
                - key: node-role.kubernetes.io/infra
                  operator: Exists
  installPlanApproval: Automatic
  name: elasticsearch-operator
  source: redhat-operators
  sourceNamespace: openshift-marketplace
