apiVersion: operators.coreos.com/v1
kind: OperatorGroup
metadata:
  annotations: {}
  labels:
    name: syn-openshift-service-mesh
  name: syn-openshift-service-mesh
---
apiVersion: operators.coreos.com/v1alpha1
kind: Subscription
metadata:
  annotations: {}
  labels:
    name: servicemeshoperator
  name: servicemeshoperator
  namespace: syn-openshift-service-mesh
spec:
  channel: stable
  config:
    affinity:
      nodeAffinity:
        requiredDuringSchedulingIgnoredDuringExecution:
          nodeSelectorTerms:
            - matchExpressions:
                - key: node-role.kubernetes.io/infra
                  operator: Exists
  installPlanApproval: Manual
  name: servicemeshoperator
  source: redhat-operators
  sourceNamespace: openshift-marketplace
