apiVersion: v1
kind: Namespace
metadata:
  annotations:
    openshift.io/node-selector: ''
  labels:
    name: syn-openshift-distributed-tracing
    openshift.io/cluster-monitoring: 'false'
    openshift.io/user-monitoring: 'false'
  name: syn-openshift-distributed-tracing
---
apiVersion: operators.coreos.com/v1
kind: OperatorGroup
metadata:
  annotations: {}
  labels:
    name: syn-openshift-distributed-tracing
  name: syn-openshift-distributed-tracing
  namespace: syn-openshift-distributed-tracing
spec: {}
---
apiVersion: operators.coreos.com/v1alpha1
kind: Subscription
metadata:
  annotations: {}
  labels:
    name: jaeger-product
  name: jaeger-product
  namespace: syn-openshift-distributed-tracing
spec:
  channel: stable
  config:
    affinity:
      nodeAffinity:
        requiredDuringSchedulingIgnoredDuringExecution:
          nodeSelectorTerms:
            - matchExpressions:
                - key: node-role.kubernetes.io/infra
                  operator: Exists
  installPlanApproval: Automatic
  name: jaeger-product
  source: redhat-operators
  sourceNamespace: openshift-marketplace
